ADMIN@DESK99 MINGW64 /d/git-training (master)
$ git status
On branch master
Changes not staged for commit:
  (use "git add <file>..." to update what will be committed)
  (use "git restore <file>..." to discard changes in working directory)
        modified:   ex1_calculator.py

no changes added to commit (use "git add" and/or "git commit -a")

ADMIN@DESK99 MINGW64 /d/git-training (master)
$ git checkout ex1_calculator.py
Updated 1 path from the index

ADMIN@DESK99 MINGW64 /d/git-training (master)
$ git checkout .
Updated 0 paths from the index

ADMIN@DESK99 MINGW64 /d/git-training (master)
$ git status
On branch master
nothing to commit, working tree clean

ADMIN@DESK99 MINGW64 /d/git-training (master)
$ git status
On branch master
Untracked files:
  (use "git add <file>..." to include in what will be committed)
        ex3_samplecount.py

nothing added to commit but untracked files present (use "git add" to track)

ADMIN@DESK99 MINGW64 /d/git-training (master)
$ git commit -m "add ex3 file with code"
On branch master
Untracked files:
  (use "git add <file>..." to include in what will be committed)
        ex3_samplecount.py

nothing added to commit but untracked files present (use "git add" to track)

ADMIN@DESK99 MINGW64 /d/git-training (master)
$ git add .

ADMIN@DESK99 MINGW64 /d/git-training (master)
$ ll
total 7
-rw-r--r-- 1 ADMIN 197121 1698 Apr  5 21:43 ex1_calculator.py
-rw-r--r-- 1 ADMIN 197121  349 Apr  5 21:32 ex1_forloop.py
-rw-r--r-- 1 ADMIN 197121  672 Apr  5 21:29 ex2_dfuntion.py
-rw-r--r-- 1 ADMIN 197121  524 Apr  5 21:47 ex3_samplecount.py

ADMIN@DESK99 MINGW64 /d/git-training (master)
$ git status
On branch master
Changes to be committed:
  (use "git restore --staged <file>..." to unstage)
        new file:   ex3_samplecount.py


ADMIN@DESK99 MINGW64 /d/git-training (master)
$ git log --oneline
35d716b (HEAD -> master) 3rd commit with code edit
48eb9da 2nd commit with calc
c7f69a9 1st Commit

ADMIN@DESK99 MINGW64 /d/git-training (master)
$ git commit -am "4th commit add ex3 file with code"
[master 0ff87f1] 4th commit add ex3 file with code
 1 file changed, 22 insertions(+)
 create mode 100644 ex3_samplecount.py

ADMIN@DESK99 MINGW64 /d/git-training (master)
$ git status
On branch master
nothing to commit, working tree clean

ADMIN@DESK99 MINGW64 /d/git-training (master)
$ git log --oneline
0ff87f1 (HEAD -> master) 4th commit add ex3 file with code
35d716b 3rd commit with code edit
48eb9da 2nd commit with calc
c7f69a9 1st Commit

ADMIN@DESK99 MINGW64 /d/git-training (master)
$ history
    1  ls
    2  cd D:
    3  ll
    4  mkdir git-training
    5  ll
    6  chmod -R 777 git-training/
    7  ll
    8  cd git-training/
    9  ll
   10  git init
   11  touch ex1-forloop.py
   12  touch ex2-dfunction.py
   13  ls-la
   14  ls -la
   15  cd ..
   16  ll
   17  chmod -R 777 git-training/
   18  cd git-training/
   19  ll
   20  code git-training
   21  git status
   22  ll
   23  git --help
   24  ll
   25  rm -rf git-training
   26  ll
   27  git add ex1-forloop.py ex2-dfunction.py
   28  ll
   29  git status
   30  git commit -am "1st Commit"
   31  git config --global user.name "Yash.Dev"
   32  git config -- global user.email "1yashwantsingh@gmail.com"
   33  git config --global user.email "1yashwantsingh@gmail.com"
   34  git config --global user.email
   35  git status
   36  git commit -am "1st Commit"
   37  git log
   38  git log --oneline
   39  git status
   40  clear
   41  ll
   42  git status
   43  git add .
   44  git status
   45  git commit -m "3rd commit with code edit"
   46  git log --oneline
   47  git push
   48  ll
   49  clear
   50  git checkout ex1_forloop.py
   51  git checkout ex1_calculator.py
   52  vi ex1_calculator.py
   53  cat ext1_calculator.py
   54  ll
   55  leaf ex1_calculator.py
   56  cat ex1_calculator.py
   57  clear
   58  git status
   59  git checkout ex1_calculator.py
   60  git checkout .
   61  git status
   62  git status
   63  git commit -m "add ex3 file with code"
   64  git add .
   65  ll
   66  git status
   67  git log --oneline
   68  git commit -am "4th commit add ex3 file with code"
   69  git status
   70  git log --oneline
   71  history
   72  git checkout .
   73  git checkout 48eb9da
   74  git checkout master
   75  git log --oneline
   76  ll
   77  git status
   78  git add .
   79  git status
   80  git commit -m "5th but test commit"
   81  git status
   82  git log --oneline
   83  git checkout HEAD
   84  git log --online
   85  git checkout master
   86  git log --online
   87  git status
   88  git log
   89  git log --oneline
   90  git status
   91  logout
   92  cd d:
   93  ll
   94  cd git-training/
   95  ll
   96  git status
   97  alise
   98  alice
   99  alis
  100  cls
  101  clean
  102  clear
  103  vi ex1_forloop.py
  104  cat ex1_forloop.py
  105  git status
  106  git commit -am "5th commit is real commit & only ex1 file modify"
  107  git commit -am "6th commit is real commit & only ex1_for file modify"
  108  git log --oneline
  109  vi ex1_forloop.py
  110  git commit -am "6th commit is real commit & only ex1_for file modify"
  111  git status
  112  git log --oneline
  113  ll
  114  vi ex1_forloop.py
  115  vi ex2_dfuntion.py
  116  git status
  117  git add .
  118  git status
  119  git commit -m "6th commit is repeated file of commit files"
  120  git log --oneline
  121  git revert 2ec5cb0
  122  git log --oneline
  123  git config set advice.mergeConflict false"
  124  "git config set advice.mergeConflict false"
  125  git config set advice.mergeConflict false
  126  git revert 2ec5cb0
  127  git add .
  128  git status
  129  git add ex1_forloop.py
  130  git status
  131  git revert --continue
  132  git status
  133  git log --oneline
  134  git revert ed157b2
  135  git revert 2ec5cb0
  136  git log --oneline
  137   git commit -am "7th commin & modified ex1 file"
  138  git log --oneline
  139  ll
  140  vi ex2_dfuntion.py
  141  git commit -am "9th commit & modification only"
  142  git status
  143  git log --oneline
  144  history
  145  git log --oneline
  146  git reset --mixed 3bb1de7
  147  git status
  148  git checkout .
  149  git status
  150  git reset --soft ed157b2
  151  git log --oneline
  152  git reset --soft 2ec5cb0
  153  git log --oneline
  154  cat ex1_forloop.py
  155  git status
  156  git reset l
  157  git reset .
  158  git status
  159  git checkout .
  160  git status
  161  git log --oneline
  162  git reset --hard 2af1697
  163  git status
  164  git log --oneline
  165  git checkout .
  166  git status
  167  touch .gitignore file
  168  ls -la
  169  git status
  170  rm -rf file
  171  ll
  172  history
  173  vi .gitignore
  174  touch ex4_addnumber.py ex5_even&odd.py
  175  ll
  176  vi ex4_addnumber.py
  177  mv ex5_even ex5_evenodd.py
  178  ll
  179  vi ex5_evenodd.py
  180  cat ex5_evenodd.py
  181  touch calcfactorialnm.py
  182  mv calcfactorialnm.py ex6_# Program to check if a number is even or odd
  183  number = int(input("Enter a number: "))
  184  if number % 2 == 0:;     print(number, "is even.")
  185  else:
  186      print(number, "is odd.")ll
  187  mv calcfactorialnm.py ex6_calcFactorialnm.py
  188  ll
  189  vi .gitignore
  190  vi ex6_calcFactorialnm.py
  191  cat ex6_calcFactorialnm.py
  192  vi .gitignore
  193  git status
  194  git add .
  195  git status
  196  git rm -r --cached .
  197  ll
  198  cat ex6_calcFactorialnm.py
  199  ll
  200  ls -ls
  201  ls -la
  202  git reset .
  203  git status
  204  git checkout .
  205  git status
  206  ll
  207  mkdir auto-gen-files
  208  ll
  209  cd auto-gen-files/
  210  touch file.txt file1.txt file2.txt
  211  ll
  212  vi file.txt
  213  git status
  214  git add .
  215  git status
  216  git checkout .
  217  git status
  218  git add .gitigore
  219  git add .gitignore
  220  git add .gitignore
  221  clear
  222  git status
  223  git add .
  224  git status
  225  git checkout .
  226  git add .gitignore
  227  git add gitignore
  228  git add .gitignore
  229  git add .
  230  git checkout .
  231  git status
  232  git status
  233  git add .
  234  git status
  235  git checkout .
  236  git status
  237  git add .gitignore
  238  cd..
  239  cd ..
  240  ll
  241  git add .gitignore
  242  ls -ls
  243  ls -la
  244  git add .gitignore
  245  git status
  246  git add .
  247  ll
  248  ll
  249  git status
  250  git status
  251  git log --oneline
  252  git commit -m "6th commit when all code completed"
  253  git log --oneline
  254  git status
  255  git status
  256  git log --oneline
  257  git remote add origin https://github.com/yashdev7773/yash-developers.git
  258  git push origin main
  259  git remote add origin https://github.com/yashdev7773/yash-developers.git
  260  git push origin main